// Vitest Snapshot v1

exports[`expect to get typescript object type 1`] = `
"
export type reviewsElasticType = {
 author?: {
  email?: string | string[] | null
  first_name?: string | string[] | null
  last_name?: string | string[] | null
 },
 content?: string | string[] | null
 created_at?: string | string[] | number | number[] | null
 date?: number | number[] | string | string[] | null
 product_id?: number | number[] | string | string[] | null
 rating?: number | number[] | string | string[] | null
 reviews?: {
  place?: string | string[] | null
 },
}

export type productsElasticType = {
 created?: string | string[] | number | number[] | null
 description?: string | string[] | null
 in_stock?: number | number[] | string | string[] | null
 is_active?: boolean | boolean[] | null
 name?: string | string[] | null
 price?: number | number[] | string | string[] | null
 sold?: number | number[] | string | string[] | null
 tags?: string | string[] | null
}
"
`;
